Archive member included to satisfy reference by file (symbol)

d:/clion_stm32/gcc-arm-none-eabi-10.3-2021.10/bin/../lib/gcc/arm-none-eabi/10.3.1/thumb/v7-m/nofp\libgcc.a(_arm_muldf3.o)
                              CMakeFiles/F103cb.elf.dir/TMP102/tmp102.c.obj (__aeabi_dmul)
d:/clion_stm32/gcc-arm-none-eabi-10.3-2021.10/bin/../lib/gcc/arm-none-eabi/10.3.1/thumb/v7-m/nofp\libgcc.a(_arm_addsubdf3.o)
                              CMakeFiles/F103cb.elf.dir/TMP102/tmp102.c.obj (__aeabi_i2d)
d:/clion_stm32/gcc-arm-none-eabi-10.3-2021.10/bin/../lib/gcc/arm-none-eabi/10.3.1/thumb/v7-m/nofp\libgcc.a(_arm_fixunsdfsi.o)
                              CMakeFiles/F103cb.elf.dir/TMP102/tmp102.c.obj (__aeabi_d2uiz)
d:/clion_stm32/gcc-arm-none-eabi-10.3-2021.10/bin/../lib/gcc/arm-none-eabi/10.3.1/../../../../arm-none-eabi/lib/thumb/v7-m/nofp\libg.a(lib_a-errno.o)
                              CMakeFiles/F103cb.elf.dir/Core/Src/syscalls.c.obj (__errno)
d:/clion_stm32/gcc-arm-none-eabi-10.3-2021.10/bin/../lib/gcc/arm-none-eabi/10.3.1/../../../../arm-none-eabi/lib/thumb/v7-m/nofp\libg.a(lib_a-exit.o)
                              d:/clion_stm32/gcc-arm-none-eabi-10.3-2021.10/bin/../lib/gcc/arm-none-eabi/10.3.1/../../../../arm-none-eabi/lib/thumb/v7-m/nofp/crt0.o (exit)
d:/clion_stm32/gcc-arm-none-eabi-10.3-2021.10/bin/../lib/gcc/arm-none-eabi/10.3.1/../../../../arm-none-eabi/lib/thumb/v7-m/nofp\libg.a(lib_a-impure.o)
                              d:/clion_stm32/gcc-arm-none-eabi-10.3-2021.10/bin/../lib/gcc/arm-none-eabi/10.3.1/../../../../arm-none-eabi/lib/thumb/v7-m/nofp\libg.a(lib_a-exit.o) (_global_impure_ptr)
d:/clion_stm32/gcc-arm-none-eabi-10.3-2021.10/bin/../lib/gcc/arm-none-eabi/10.3.1/../../../../arm-none-eabi/lib/thumb/v7-m/nofp\libg.a(lib_a-init.o)
                              d:/clion_stm32/gcc-arm-none-eabi-10.3-2021.10/bin/../lib/gcc/arm-none-eabi/10.3.1/../../../../arm-none-eabi/lib/thumb/v7-m/nofp/crt0.o (__libc_init_array)
d:/clion_stm32/gcc-arm-none-eabi-10.3-2021.10/bin/../lib/gcc/arm-none-eabi/10.3.1/../../../../arm-none-eabi/lib/thumb/v7-m/nofp\libg.a(lib_a-memset.o)
                              d:/clion_stm32/gcc-arm-none-eabi-10.3-2021.10/bin/../lib/gcc/arm-none-eabi/10.3.1/../../../../arm-none-eabi/lib/thumb/v7-m/nofp/crt0.o (memset)
d:/clion_stm32/gcc-arm-none-eabi-10.3-2021.10/bin/../lib/gcc/arm-none-eabi/10.3.1/../../../../arm-none-eabi/lib/thumb/v7-m/nofp\libg.a(lib_a-__call_atexit.o)
                              d:/clion_stm32/gcc-arm-none-eabi-10.3-2021.10/bin/../lib/gcc/arm-none-eabi/10.3.1/../../../../arm-none-eabi/lib/thumb/v7-m/nofp\libg.a(lib_a-exit.o) (__call_exitprocs)
d:/clion_stm32/gcc-arm-none-eabi-10.3-2021.10/bin/../lib/gcc/arm-none-eabi/10.3.1/../../../../arm-none-eabi/lib/thumb/v7-m/nofp\libg.a(lib_a-atexit.o)
                              d:/clion_stm32/gcc-arm-none-eabi-10.3-2021.10/bin/../lib/gcc/arm-none-eabi/10.3.1/../../../../arm-none-eabi/lib/thumb/v7-m/nofp\libg.a(lib_a-__call_atexit.o) (atexit)
d:/clion_stm32/gcc-arm-none-eabi-10.3-2021.10/bin/../lib/gcc/arm-none-eabi/10.3.1/../../../../arm-none-eabi/lib/thumb/v7-m/nofp\libg.a(lib_a-fini.o)
                              d:/clion_stm32/gcc-arm-none-eabi-10.3-2021.10/bin/../lib/gcc/arm-none-eabi/10.3.1/../../../../arm-none-eabi/lib/thumb/v7-m/nofp\libg.a(lib_a-__call_atexit.o) (__libc_fini_array)
d:/clion_stm32/gcc-arm-none-eabi-10.3-2021.10/bin/../lib/gcc/arm-none-eabi/10.3.1/../../../../arm-none-eabi/lib/thumb/v7-m/nofp\libg.a(lib_a-lock.o)
                              d:/clion_stm32/gcc-arm-none-eabi-10.3-2021.10/bin/../lib/gcc/arm-none-eabi/10.3.1/../../../../arm-none-eabi/lib/thumb/v7-m/nofp\libg.a(lib_a-__call_atexit.o) (__retarget_lock_acquire_recursive)
d:/clion_stm32/gcc-arm-none-eabi-10.3-2021.10/bin/../lib/gcc/arm-none-eabi/10.3.1/../../../../arm-none-eabi/lib/thumb/v7-m/nofp\libg.a(lib_a-__atexit.o)
                              d:/clion_stm32/gcc-arm-none-eabi-10.3-2021.10/bin/../lib/gcc/arm-none-eabi/10.3.1/../../../../arm-none-eabi/lib/thumb/v7-m/nofp\libg.a(lib_a-atexit.o) (__register_exitproc)

Discarded input sections

 .text          0x00000000        0x0 d:/clion_stm32/gcc-arm-none-eabi-10.3-2021.10/bin/../lib/gcc/arm-none-eabi/10.3.1/thumb/v7-m/nofp/crti.o
 .data          0x00000000        0x0 d:/clion_stm32/gcc-arm-none-eabi-10.3-2021.10/bin/../lib/gcc/arm-none-eabi/10.3.1/thumb/v7-m/nofp/crti.o
 .bss           0x00000000        0x0 d:/clion_stm32/gcc-arm-none-eabi-10.3-2021.10/bin/../lib/gcc/arm-none-eabi/10.3.1/thumb/v7-m/nofp/crti.o
 .data          0x00000000        0x4 d:/clion_stm32/gcc-arm-none-eabi-10.3-2021.10/bin/../lib/gcc/arm-none-eabi/10.3.1/thumb/v7-m/nofp/crtbegin.o
 .rodata        0x00000000       0x24 d:/clion_stm32/gcc-arm-none-eabi-10.3-2021.10/bin/../lib/gcc/arm-none-eabi/10.3.1/thumb/v7-m/nofp/crtbegin.o
 .text          0x00000000       0x7c d:/clion_stm32/gcc-arm-none-eabi-10.3-2021.10/bin/../lib/gcc/arm-none-eabi/10.3.1/../../../../arm-none-eabi/lib/thumb/v7-m/nofp/crt0.o
[...]
Memory Configuration

Name             Origin             Length             Attributes
RAM              0x20000000         0x00005000         xrw
FLASH            0x08000000         0x00020000         xr
*default*        0x00000000         0xffffffff

Linker script and memory map

LOAD d:/clion_stm32/gcc-arm-none-eabi-10.3-2021.10/bin/../lib/gcc/arm-none-eabi/10.3.1/thumb/v7-m/nofp/crti.o
LOAD d:/clion_stm32/gcc-arm-none-eabi-10.3-2021.10/bin/../lib/gcc/arm-none-eabi/10.3.1/thumb/v7-m/nofp/crtbegin.o
LOAD d:/clion_stm32/gcc-arm-none-eabi-10.3-2021.10/bin/../lib/gcc/arm-none-eabi/10.3.1/../../../../arm-none-eabi/lib/thumb/v7-m/nofp/crt0.o
LOAD CMakeFiles/F103cb.elf.dir/Core/Src/gpio.c.obj
LOAD CMakeFiles/F103cb.elf.dir/Core/Src/main.c.obj
LOAD CMakeFiles/F103cb.elf.dir/Core/Src/stm32f1xx_hal_msp.c.obj
LOAD CMakeFiles/F103cb.elf.dir/Core/Src/stm32f1xx_it.c.obj
LOAD CMakeFiles/F103cb.elf.dir/Core/Src/syscalls.c.obj
LOAD CMakeFiles/F103cb.elf.dir/Core/Src/system_stm32f1xx.c.obj
LOAD CMakeFiles/F103cb.elf.dir/Core/Src/usart.c.obj
LOAD CMakeFiles/F103cb.elf.dir/Drivers/STM32F1xx_HAL_Driver/Src/stm32f1xx_hal.c.obj
LOAD CMakeFiles/F103cb.elf.dir/Drivers/STM32F1xx_HAL_Driver/Src/stm32f1xx_hal_cortex.c.obj
LOAD CMakeFiles/F103cb.elf.dir/Drivers/STM32F1xx_HAL_Driver/Src/stm32f1xx_hal_dma.c.obj
LOAD CMakeFiles/F103cb.elf.dir/Drivers/STM32F1xx_HAL_Driver/Src/stm32f1xx_hal_exti.c.obj
LOAD CMakeFiles/F103cb.elf.dir/Drivers/STM32F1xx_HAL_Driver/Src/stm32f1xx_hal_flash.c.obj
LOAD CMakeFiles/F103cb.elf.dir/Drivers/STM32F1xx_HAL_Driver/Src/stm32f1xx_hal_flash_ex.c.obj
LOAD CMakeFiles/F103cb.elf.dir/Drivers/STM32F1xx_HAL_Driver/Src/stm32f1xx_hal_gpio.c.obj
LOAD CMakeFiles/F103cb.elf.dir/Drivers/STM32F1xx_HAL_Driver/Src/stm32f1xx_hal_gpio_ex.c.obj
LOAD CMakeFiles/F103cb.elf.dir/Drivers/STM32F1xx_HAL_Driver/Src/stm32f1xx_hal_pwr.c.obj
LOAD CMakeFiles/F103cb.elf.dir/Drivers/STM32F1xx_HAL_Driver/Src/stm32f1xx_hal_rcc.c.obj
LOAD CMakeFiles/F103cb.elf.dir/Drivers/STM32F1xx_HAL_Driver/Src/stm32f1xx_hal_rcc_ex.c.obj
LOAD CMakeFiles/F103cb.elf.dir/Drivers/STM32F1xx_HAL_Driver/Src/stm32f1xx_hal_tim.c.obj
LOAD CMakeFiles/F103cb.elf.dir/Drivers/STM32F1xx_HAL_Driver/Src/stm32f1xx_hal_tim_ex.c.obj
LOAD CMakeFiles/F103cb.elf.dir/Drivers/STM32F1xx_HAL_Driver/Src/stm32f1xx_hal_uart.c.obj
LOAD CMakeFiles/F103cb.elf.dir/LM3644YFFR/IIC.c.obj
LOAD CMakeFiles/F103cb.elf.dir/LM3644YFFR/LM3644YFFR.c.obj
LOAD CMakeFiles/F103cb.elf.dir/MYIIC/myiic.c.obj
LOAD CMakeFiles/F103cb.elf.dir/TMP102/tmp102.c.obj
LOAD CMakeFiles/F103cb.elf.dir/delay/delay.c.obj
LOAD CMakeFiles/F103cb.elf.dir/port/port_dev.c.obj
LOAD CMakeFiles/F103cb.elf.dir/startup/startup_stm32f103xb.s.obj
START GROUP
LOAD d:/clion_stm32/gcc-arm-none-eabi-10.3-2021.10/bin/../lib/gcc/arm-none-eabi/10.3.1/thumb/v7-m/nofp\libgcc.a
LOAD d:/clion_stm32/gcc-arm-none-eabi-10.3-2021.10/bin/../lib/gcc/arm-none-eabi/10.3.1/../../../../arm-none-eabi/lib/thumb/v7-m/nofp\libg.a
LOAD d:/clion_stm32/gcc-arm-none-eabi-10.3-2021.10/bin/../lib/gcc/arm-none-eabi/10.3.1/../../../../arm-none-eabi/lib/thumb/v7-m/nofp\libc.a
END GROUP
LOAD d:/clion_stm32/gcc-arm-none-eabi-10.3-2021.10/bin/../lib/gcc/arm-none-eabi/10.3.1/thumb/v7-m/nofp/crtend.o
LOAD d:/clion_stm32/gcc-arm-none-eabi-10.3-2021.10/bin/../lib/gcc/arm-none-eabi/10.3.1/thumb/v7-m/nofp/crtn.o
                0x20005000                _estack = 0x20005000
                0x00000200                _Min_Heap_Size = 0x200
                0x00000400                _Min_Stack_Size = 0x400

.isr_vector     0x08000000      0x10c
                0x08000000                . = ALIGN (0x4)
 *(.isr_vector)
 .isr_vector    0x08000000      0x10c CMakeFiles/F103cb.elf.dir/startup/startup_stm32f103xb.s.obj
                0x08000000                g_pfnVectors
                0x0800010c                . = ALIGN (0x4)

.text           0x0800010c     0x1338
                0x0800010c                . = ALIGN (0x4)
 *(.text)
 .text          0x0800010c       0x40 d:/clion_stm32/gcc-arm-none-eabi-10.3-2021.10/bin/../lib/gcc/arm-none-eabi/10.3.1/thumb/v7-m/nofp/crtbegin.o
 *(.text*)
 .text.MX_GPIO_Init
                0x0800014c       0xc8 CMakeFiles/F103cb.elf.dir/Core/Src/gpio.c.obj
                0x0800014c                MX_GPIO_Init
 .text.Error_Handler
                0x08000214        0x4 CMakeFiles/F103cb.elf.dir/Core/Src/main.c.obj
                0x08000214                Error_Handler
 .text.SystemClock_Config
                0x08000218       0x64 CMakeFiles/F103cb.elf.dir/Core/Src/main.c.obj
                0x08000218                SystemClock_Config
 .text.main     0x0800027c       0x1e CMakeFiles/F103cb.elf.dir/Core/Src/main.c.obj
                0x0800027c                main
 *fill*         0x0800029a        0x2 
 .text.HAL_MspInit
                0x0800029c       0x44 CMakeFiles/F103cb.elf.dir/Core/Src/stm32f1xx_hal_msp.c.obj
                0x0800029c                HAL_MspInit
 .text.NMI_Handler
                0x080002e0        0x2 CMakeFiles/F103cb.elf.dir/Core/Src/stm32f1xx_it.c.obj
                0x080002e0                NMI_Handler
 .text.HardFault_Handler
                0x080002e2        0x2 CMakeFiles/F103cb.elf.dir/Core/Src/stm32f1xx_it.c.obj
                0x080002e2                HardFault_Handler
 .text.MemManage_Handler
                0x080002e4        0x2 CMakeFiles/F103cb.elf.dir/Core/Src/stm32f1xx_it.c.obj
                0x080002e4                MemManage_Handler
 .text.BusFault_Handler
                0x080002e6        0x2 CMakeFiles/F103cb.elf.dir/Core/Src/stm32f1xx_it.c.obj
                0x080002e6                BusFault_Handler
 .text.UsageFault_Handler
                0x080002e8        0x2 CMakeFiles/F103cb.elf.dir/Core/Src/stm32f1xx_it.c.obj
                0x080002e8                UsageFault_Handler
 .text.SVC_Handler
                0x080002ea        0x2 CMakeFiles/F103cb.elf.dir/Core/Src/stm32f1xx_it.c.obj
                0x080002ea                SVC_Handler
 .text.DebugMon_Handler
                0x080002ec        0x2 CMakeFiles/F103cb.elf.dir/Core/Src/stm32f1xx_it.c.obj
                0x080002ec                DebugMon_Handler
 .text.PendSV_Handler
                0x080002ee        0x2 CMakeFiles/F103cb.elf.dir/Core/Src/stm32f1xx_it.c.obj
                0x080002ee                PendSV_Handler
 .text.SysTick_Handler
                0x080002f0        0x8 CMakeFiles/F103cb.elf.dir/Core/Src/stm32f1xx_it.c.obj
                0x080002f0                SysTick_Handler
 .text.SystemInit
                0x080002f8        0x2 CMakeFiles/F103cb.elf.dir/Core/Src/system_stm32f1xx.c.obj
                0x080002f8                SystemInit
 *fill*         0x080002fa        0x2 
 .text.MX_USART1_UART_Init
                0x080002fc       0x34 CMakeFiles/F103cb.elf.dir/Core/Src/usart.c.obj
                0x080002fc                MX_USART1_UART_Init
 .text.HAL_UART_MspInit
                0x08000330       0x78 CMakeFiles/F103cb.elf.dir/Core/Src/usart.c.obj
                0x08000330                HAL_UART_MspInit
 .text.HAL_InitTick
                0x080003a8       0x4c CMakeFiles/F103cb.elf.dir/Drivers/STM32F1xx_HAL_Driver/Src/stm32f1xx_hal.c.obj
                0x080003a8                HAL_InitTick
 .text.HAL_Init
                0x080003f4       0x24 CMakeFiles/F103cb.elf.dir/Drivers/STM32F1xx_HAL_Driver/Src/stm32f1xx_hal.c.obj
                0x080003f4                HAL_Init
 .text.HAL_IncTick
                0x08000418       0x18 CMakeFiles/F103cb.elf.dir/Drivers/STM32F1xx_HAL_Driver/Src/stm32f1xx_hal.c.obj
                0x08000418                HAL_IncTick
 .text.HAL_GetTick
                0x08000430        0xc CMakeFiles/F103cb.elf.dir/Drivers/STM32F1xx_HAL_Driver/Src/stm32f1xx_hal.c.obj
                0x08000430                HAL_GetTick
 .text.HAL_NVIC_SetPriorityGrouping
                0x0800043c       0x24 CMakeFiles/F103cb.elf.dir/Drivers/STM32F1xx_HAL_Driver/Src/stm32f1xx_hal_cortex.c.obj
                0x0800043c                HAL_NVIC_SetPriorityGrouping
 .text.HAL_NVIC_SetPriority
                0x08000460       0x70 CMakeFiles/F103cb.elf.dir/Drivers/STM32F1xx_HAL_Driver/Src/stm32f1xx_hal_cortex.c.obj
                0x08000460                HAL_NVIC_SetPriority
 .text.HAL_SYSTICK_Config
                0x080004d0       0x28 CMakeFiles/F103cb.elf.dir/Drivers/STM32F1xx_HAL_Driver/Src/stm32f1xx_hal_cortex.c.obj
                0x080004d0                HAL_SYSTICK_Config
 .text.HAL_GPIO_Init
                0x080004f8      0x224 CMakeFiles/F103cb.elf.dir/Drivers/STM32F1xx_HAL_Driver/Src/stm32f1xx_hal_gpio.c.obj
                0x080004f8                HAL_GPIO_Init
 .text.HAL_GPIO_ReadPin
                0x0800071c        0xe CMakeFiles/F103cb.elf.dir/Drivers/STM32F1xx_HAL_Driver/Src/stm32f1xx_hal_gpio.c.obj
                0x0800071c                HAL_GPIO_ReadPin
 .text.HAL_GPIO_WritePin
                0x0800072a        0xc CMakeFiles/F103cb.elf.dir/Drivers/STM32F1xx_HAL_Driver/Src/stm32f1xx_hal_gpio.c.obj
                0x0800072a                HAL_GPIO_WritePin
 *fill*         0x08000736        0x2 
 .text.RCC_Delay
                0x08000738       0x2c CMakeFiles/F103cb.elf.dir/Drivers/STM32F1xx_HAL_Driver/Src/stm32f1xx_hal_rcc.c.obj
 .text.HAL_RCC_OscConfig
                0x08000764      0x410 CMakeFiles/F103cb.elf.dir/Drivers/STM32F1xx_HAL_Driver/Src/stm32f1xx_hal_rcc.c.obj
                0x08000764                HAL_RCC_OscConfig
 .text.HAL_RCC_GetSysClockFreq
                0x08000b74       0x54 CMakeFiles/F103cb.elf.dir/Drivers/STM32F1xx_HAL_Driver/Src/stm32f1xx_hal_rcc.c.obj
                0x08000b74                HAL_RCC_GetSysClockFreq
 .text.HAL_RCC_ClockConfig
                0x08000bc8      0x16c CMakeFiles/F103cb.elf.dir/Drivers/STM32F1xx_HAL_Driver/Src/stm32f1xx_hal_rcc.c.obj
                0x08000bc8                HAL_RCC_ClockConfig
 .text.HAL_RCC_GetHCLKFreq
                0x08000d34        0xc CMakeFiles/F103cb.elf.dir/Drivers/STM32F1xx_HAL_Driver/Src/stm32f1xx_hal_rcc.c.obj
                0x08000d34                HAL_RCC_GetHCLKFreq
 .text.HAL_RCC_GetPCLK1Freq
                0x08000d40       0x20 CMakeFiles/F103cb.elf.dir/Drivers/STM32F1xx_HAL_Driver/Src/stm32f1xx_hal_rcc.c.obj
                0x08000d40                HAL_RCC_GetPCLK1Freq
 .text.HAL_RCC_GetPCLK2Freq
                0x08000d60       0x20 CMakeFiles/F103cb.elf.dir/Drivers/STM32F1xx_HAL_Driver/Src/stm32f1xx_hal_rcc.c.obj
                0x08000d60                HAL_RCC_GetPCLK2Freq
 .text.UART_SetConfig
                0x08000d80       0x94 CMakeFiles/F103cb.elf.dir/Drivers/STM32F1xx_HAL_Driver/Src/stm32f1xx_hal_uart.c.obj
 .text.HAL_UART_Init
                0x08000e14       0x60 CMakeFiles/F103cb.elf.dir/Drivers/STM32F1xx_HAL_Driver/Src/stm32f1xx_hal_uart.c.obj
                0x08000e14                HAL_UART_Init
 .text.iicStart
                0x08000e74       0x3c CMakeFiles/F103cb.elf.dir/LM3644YFFR/IIC.c.obj
                0x08000e74                iicStart
 .text.iicStop  0x08000eb0       0x2e CMakeFiles/F103cb.elf.dir/LM3644YFFR/IIC.c.obj
                0x08000eb0                iicStop
 .text.iicWaitAck
                0x08000ede       0x38 CMakeFiles/F103cb.elf.dir/LM3644YFFR/IIC.c.obj
                0x08000ede                iicWaitAck
 .text.iicSendByte
                0x08000f16       0x4a CMakeFiles/F103cb.elf.dir/LM3644YFFR/IIC.c.obj
                0x08000f16                iicSendByte
 .text.LM3644YFFR_INIT
                0x08000f60       0x18 CMakeFiles/F103cb.elf.dir/LM3644YFFR/LM3644YFFR.c.obj
                0x08000f60                LM3644YFFR_INIT
 .text.LM3644YFFR_WriteReg
                0x08000f78       0x44 CMakeFiles/F103cb.elf.dir/LM3644YFFR/LM3644YFFR.c.obj
                0x08000f78                LM3644YFFR_WriteReg
 .text.Infrared_Firstgear
                0x08000fbc       0x24 CMakeFiles/F103cb.elf.dir/LM3644YFFR/LM3644YFFR.c.obj
                0x08000fbc                Infrared_Firstgear
 .text.Infrared_Secondgear
                0x08000fe0       0x24 CMakeFiles/F103cb.elf.dir/LM3644YFFR/LM3644YFFR.c.obj
                0x08000fe0                Infrared_Secondgear
 .text.Infrared_Thirdgear
                0x08001004       0x24 CMakeFiles/F103cb.elf.dir/LM3644YFFR/LM3644YFFR.c.obj
                0x08001004                Infrared_Thirdgear
 .text.Infrared_Fourthgear
                0x08001028       0x24 CMakeFiles/F103cb.elf.dir/LM3644YFFR/LM3644YFFR.c.obj
                0x08001028                Infrared_Fourthgear
 .text.Infrared_Fifthgear
                0x0800104c       0x24 CMakeFiles/F103cb.elf.dir/LM3644YFFR/LM3644YFFR.c.obj
                0x0800104c                Infrared_Fifthgear
 .text.Infrared_Sixthgear
                0x08001070       0x24 CMakeFiles/F103cb.elf.dir/LM3644YFFR/LM3644YFFR.c.obj
                0x08001070                Infrared_Sixthgear
 .text.Infrared_Seventhgear
                0x08001094       0x14 CMakeFiles/F103cb.elf.dir/LM3644YFFR/LM3644YFFR.c.obj
                0x08001094                Infrared_Seventhgear
 .text.Infrared_Eighthgear
                0x080010a8        0xc CMakeFiles/F103cb.elf.dir/LM3644YFFR/LM3644YFFR.c.obj
                0x080010a8                Infrared_Eighthgear
 .text.LM3644YFFR_LEDFlash
                0x080010b4       0x48 CMakeFiles/F103cb.elf.dir/LM3644YFFR/LM3644YFFR.c.obj
                0x080010b4                LM3644YFFR_LEDFlash
 .text.MyI2C_W_SCL
                0x080010fc       0x18 CMakeFiles/F103cb.elf.dir/MYIIC/myiic.c.obj
                0x080010fc                MyI2C_W_SCL
 .text.MyI2C_W_SDA
                0x08001114       0x18 CMakeFiles/F103cb.elf.dir/MYIIC/myiic.c.obj
                0x08001114                MyI2C_W_SDA
 .text.MyI2C_R_SDA
                0x0800112c       0x1c CMakeFiles/F103cb.elf.dir/MYIIC/myiic.c.obj
                0x0800112c                MyI2C_R_SDA
 .text.delay_us
                0x08001148       0x50 CMakeFiles/F103cb.elf.dir/delay/delay.c.obj
                0x08001148                delay_us
 .text.i2c_Delay
                0x08001198        0xa CMakeFiles/F103cb.elf.dir/delay/delay.c.obj
                0x08001198                i2c_Delay
 *fill*         0x080011a2        0x2 
 .text.I2C_Init
                0x080011a4       0x70 CMakeFiles/F103cb.elf.dir/port/port_dev.c.obj
                0x080011a4                I2C_Init
 .text.Reset_Handler
                0x08001214       0x48 CMakeFiles/F103cb.elf.dir/startup/startup_stm32f103xb.s.obj
                0x08001214                Reset_Handler
 .text.Default_Handler
                0x0800125c        0x2 CMakeFiles/F103cb.elf.dir/startup/startup_stm32f103xb.s.obj
                0x0800125c                RTC_Alarm_IRQHandler
                0x0800125c                EXTI2_IRQHandler
                0x0800125c                TIM1_CC_IRQHandler
                0x0800125c                PVD_IRQHandler
                0x0800125c                EXTI3_IRQHandler
                0x0800125c                EXTI0_IRQHandler
                0x0800125c                I2C2_EV_IRQHandler
                0x0800125c                ADC1_2_IRQHandler
                0x0800125c                SPI1_IRQHandler
                0x0800125c                TAMPER_IRQHandler
                0x0800125c                DMA1_Channel4_IRQHandler
                0x0800125c                USART3_IRQHandler
                0x0800125c                RTC_IRQHandler
                0x0800125c                DMA1_Channel7_IRQHandler
                0x0800125c                CAN1_RX1_IRQHandler
                0x0800125c                TIM4_IRQHandler
                0x0800125c                I2C1_EV_IRQHandler
                0x0800125c                DMA1_Channel6_IRQHandler
                0x0800125c                TIM3_IRQHandler
                0x0800125c                RCC_IRQHandler
                0x0800125c                TIM1_TRG_COM_IRQHandler
                0x0800125c                DMA1_Channel1_IRQHandler
                0x0800125c                Default_Handler
                0x0800125c                EXTI15_10_IRQHandler
                0x0800125c                EXTI9_5_IRQHandler
                0x0800125c                SPI2_IRQHandler
                0x0800125c                DMA1_Channel5_IRQHandler
                0x0800125c                EXTI4_IRQHandler
                0x0800125c                USB_LP_CAN1_RX0_IRQHandler
                0x0800125c                USB_HP_CAN1_TX_IRQHandler
                0x0800125c                DMA1_Channel3_IRQHandler
                0x0800125c                TIM1_UP_IRQHandler
                0x0800125c                WWDG_IRQHandler
                0x0800125c                TIM2_IRQHandler
                0x0800125c                TIM1_BRK_IRQHandler
                0x0800125c                EXTI1_IRQHandler
                0x0800125c                USART2_IRQHandler
                0x0800125c                I2C2_ER_IRQHandler
                0x0800125c                DMA1_Channel2_IRQHandler
                0x0800125c                CAN1_SCE_IRQHandler
                0x0800125c                FLASH_IRQHandler
                0x0800125c                USART1_IRQHandler
                0x0800125c                I2C1_ER_IRQHandler
                0x0800125c                USBWakeUp_IRQHandler
 *fill*         0x0800125e        0x2 
 .text.__libc_init_array
                0x08001260       0x48 d:/clion_stm32/gcc-arm-none-eabi-10.3-2021.10/bin/../lib/gcc/arm-none-eabi/10.3.1/../../../../arm-none-eabi/lib/thumb/v7-m/nofp\libg.a(lib_a-init.o)
                0x08001260                __libc_init_array
 .text.memset   0x080012a8       0xa4 d:/clion_stm32/gcc-arm-none-eabi-10.3-2021.10/bin/../lib/gcc/arm-none-eabi/10.3.1/../../../../arm-none-eabi/lib/thumb/v7-m/nofp\libg.a(lib_a-memset.o)
                0x080012a8                memset
 .text.startup.register_fini
                0x0800134c       0x14 d:/clion_stm32/gcc-arm-none-eabi-10.3-2021.10/bin/../lib/gcc/arm-none-eabi/10.3.1/../../../../arm-none-eabi/lib/thumb/v7-m/nofp\libg.a(lib_a-__call_atexit.o)
 .text.atexit   0x08001360        0xc d:/clion_stm32/gcc-arm-none-eabi-10.3-2021.10/bin/../lib/gcc/arm-none-eabi/10.3.1/../../../../arm-none-eabi/lib/thumb/v7-m/nofp\libg.a(lib_a-atexit.o)
                0x08001360                atexit
 .text.__libc_fini_array
                0x0800136c       0x2c d:/clion_stm32/gcc-arm-none-eabi-10.3-2021.10/bin/../lib/gcc/arm-none-eabi/10.3.1/../../../../arm-none-eabi/lib/thumb/v7-m/nofp\libg.a(lib_a-fini.o)
                0x0800136c                __libc_fini_array
 .text.__retarget_lock_acquire_recursive
                0x08001398        0x4 d:/clion_stm32/gcc-arm-none-eabi-10.3-2021.10/bin/../lib/gcc/arm-none-eabi/10.3.1/../../../../arm-none-eabi/lib/thumb/v7-m/nofp\libg.a(lib_a-lock.o)
                0x08001398                __retarget_lock_acquire_recursive
 .text.__retarget_lock_release_recursive
                0x0800139c        0x4 d:/clion_stm32/gcc-arm-none-eabi-10.3-2021.10/bin/../lib/gcc/arm-none-eabi/10.3.1/../../../../arm-none-eabi/lib/thumb/v7-m/nofp\libg.a(lib_a-lock.o)
                0x0800139c                __retarget_lock_release_recursive
 .text.__register_exitproc
                0x080013a0       0x8c d:/clion_stm32/gcc-arm-none-eabi-10.3-2021.10/bin/../lib/gcc/arm-none-eabi/10.3.1/../../../../arm-none-eabi/lib/thumb/v7-m/nofp\libg.a(lib_a-__atexit.o)
                0x080013a0                __register_exitproc
 *(.glue_7)
 .glue_7        0x0800142c        0x0 linker stubs
 *(.glue_7t)
 .glue_7t       0x0800142c        0x0 linker stubs
 *(.eh_frame)
 .eh_frame      0x0800142c        0x0 d:/clion_stm32/gcc-arm-none-eabi-10.3-2021.10/bin/../lib/gcc/arm-none-eabi/10.3.1/thumb/v7-m/nofp/crtbegin.o
 *(.init)
 .init          0x0800142c        0x4 d:/clion_stm32/gcc-arm-none-eabi-10.3-2021.10/bin/../lib/gcc/arm-none-eabi/10.3.1/thumb/v7-m/nofp/crti.o
                0x0800142c                _init
 .init          0x08001430        0x8 d:/clion_stm32/gcc-arm-none-eabi-10.3-2021.10/bin/../lib/gcc/arm-none-eabi/10.3.1/thumb/v7-m/nofp/crtn.o
 *(.fini)
 .fini          0x08001438        0x4 d:/clion_stm32/gcc-arm-none-eabi-10.3-2021.10/bin/../lib/gcc/arm-none-eabi/10.3.1/thumb/v7-m/nofp/crti.o
                0x08001438                _fini
 .fini          0x0800143c        0x8 d:/clion_stm32/gcc-arm-none-eabi-10.3-2021.10/bin/../lib/gcc/arm-none-eabi/10.3.1/thumb/v7-m/nofp/crtn.o
                0x08001444                . = ALIGN (0x4)
                0x08001444                _etext = .

.vfp11_veneer   0x08001444        0x0
 .vfp11_veneer  0x08001444        0x0 linker stubs

.v4_bx          0x08001444        0x0
 .v4_bx         0x08001444        0x0 linker stubs

.iplt           0x08001444        0x0
 .iplt          0x08001444        0x0 d:/clion_stm32/gcc-arm-none-eabi-10.3-2021.10/bin/../lib/gcc/arm-none-eabi/10.3.1/thumb/v7-m/nofp/crtbegin.o

.rodata         0x08001444       0x30
                0x08001444                . = ALIGN (0x4)
 *(.rodata)
 *(.rodata*)
 .rodata.AHBPrescTable
                0x08001444       0x10 CMakeFiles/F103cb.elf.dir/Core/Src/system_stm32f1xx.c.obj
                0x08001444                AHBPrescTable
 .rodata.APBPrescTable
                0x08001454        0x8 CMakeFiles/F103cb.elf.dir/Core/Src/system_stm32f1xx.c.obj
                0x08001454                APBPrescTable
 .rodata.aPLLMULFactorTable.1
                0x0800145c       0x10 CMakeFiles/F103cb.elf.dir/Drivers/STM32F1xx_HAL_Driver/Src/stm32f1xx_hal_rcc.c.obj
 .rodata.aPredivFactorTable.0
                0x0800146c        0x2 CMakeFiles/F103cb.elf.dir/Drivers/STM32F1xx_HAL_Driver/Src/stm32f1xx_hal_rcc.c.obj
 *fill*         0x0800146e        0x2 
 .rodata._global_impure_ptr
                0x08001470        0x4 d:/clion_stm32/gcc-arm-none-eabi-10.3-2021.10/bin/../lib/gcc/arm-none-eabi/10.3.1/../../../../arm-none-eabi/lib/thumb/v7-m/nofp\libg.a(lib_a-impure.o)
                0x08001470                _global_impure_ptr
                0x08001474                . = ALIGN (0x4)

.rel.dyn        0x08001474        0x0
 .rel.iplt      0x08001474        0x0 d:/clion_stm32/gcc-arm-none-eabi-10.3-2021.10/bin/../lib/gcc/arm-none-eabi/10.3.1/thumb/v7-m/nofp/crtbegin.o

.ARM.extab
 *(.ARM.extab* .gnu.linkonce.armextab.*)

.ARM            0x08001474        0x0
                0x08001474                __exidx_start = .
 *(.ARM.exidx*)
                0x08001474                __exidx_end = .

.preinit_array  0x08001474        0x0
                0x08001474                PROVIDE (__preinit_array_start = .)
 *(.preinit_array*)
                0x08001474                PROVIDE (__preinit_array_end = .)

.init_array     0x08001474        0x8
                0x08001474                PROVIDE (__init_array_start = .)
 *(SORT_BY_NAME(.init_array.*))
 .init_array.00000
                0x08001474        0x4 d:/clion_stm32/gcc-arm-none-eabi-10.3-2021.10/bin/../lib/gcc/arm-none-eabi/10.3.1/../../../../arm-none-eabi/lib/thumb/v7-m/nofp\libg.a(lib_a-__call_atexit.o)
 *(.init_array*)
 .init_array    0x08001478        0x4 d:/clion_stm32/gcc-arm-none-eabi-10.3-2021.10/bin/../lib/gcc/arm-none-eabi/10.3.1/thumb/v7-m/nofp/crtbegin.o
                0x0800147c                PROVIDE (__init_array_end = .)

.fini_array     0x0800147c        0x4
                0x0800147c                PROVIDE (__fini_array_start = .)
 *(SORT_BY_NAME(.fini_array.*))
 *(.fini_array*)
 .fini_array    0x0800147c        0x4 d:/clion_stm32/gcc-arm-none-eabi-10.3-2021.10/bin/../lib/gcc/arm-none-eabi/10.3.1/thumb/v7-m/nofp/crtbegin.o
                0x08001480                PROVIDE (__fini_array_end = .)
                0x08001480                _sidata = LOADADDR (.data)

.data           0x20000000      0x44c load address 0x08001480
                0x20000000                . = ALIGN (0x4)
                0x20000000                _sdata = .
 *(.data)
 *(.data*)
 .data.SystemCoreClock
                0x20000000        0x4 CMakeFiles/F103cb.elf.dir/Core/Src/system_stm32f1xx.c.obj
                0x20000000                SystemCoreClock
 .data.uwTickFreq
                0x20000004        0x1 CMakeFiles/F103cb.elf.dir/Drivers/STM32F1xx_HAL_Driver/Src/stm32f1xx_hal.c.obj
                0x20000004                uwTickFreq
 *fill*         0x20000005        0x3 
 .data.uwTickPrio
                0x20000008        0x4 CMakeFiles/F103cb.elf.dir/Drivers/STM32F1xx_HAL_Driver/Src/stm32f1xx_hal.c.obj
                0x20000008                uwTickPrio
 .data.IIC_DEV  0x2000000c       0x10 CMakeFiles/F103cb.elf.dir/LM3644YFFR/LM3644YFFR.c.obj
                0x2000000c                IIC_DEV
 *fill*         0x2000001c        0x4 
 .data.impure_data
                0x20000020      0x428 d:/clion_stm32/gcc-arm-none-eabi-10.3-2021.10/bin/../lib/gcc/arm-none-eabi/10.3.1/../../../../arm-none-eabi/lib/thumb/v7-m/nofp\libg.a(lib_a-impure.o)
 .data.__atexit_recursive_mutex
                0x20000448        0x4 d:/clion_stm32/gcc-arm-none-eabi-10.3-2021.10/bin/../lib/gcc/arm-none-eabi/10.3.1/../../../../arm-none-eabi/lib/thumb/v7-m/nofp\libg.a(lib_a-__call_atexit.o)
                0x20000448                __atexit_recursive_mutex
                0x2000044c                . = ALIGN (0x4)
                0x2000044c                _edata = .

.igot.plt       0x2000044c        0x0 load address 0x080018cc
 .igot.plt      0x2000044c        0x0 d:/clion_stm32/gcc-arm-none-eabi-10.3-2021.10/bin/../lib/gcc/arm-none-eabi/10.3.1/thumb/v7-m/nofp/crtbegin.o
                0x2000044c                . = ALIGN (0x4)

.bss            0x2000044c       0x6c load address 0x080018cc
                0x2000044c                _sbss = .
                0x2000044c                __bss_start__ = _sbss
 *(.bss)
 .bss           0x2000044c       0x1c d:/clion_stm32/gcc-arm-none-eabi-10.3-2021.10/bin/../lib/gcc/arm-none-eabi/10.3.1/thumb/v7-m/nofp/crtbegin.o
 *(.bss*)
 .bss.huart1    0x20000468       0x48 CMakeFiles/F103cb.elf.dir/Core/Src/usart.c.obj
                0x20000468                huart1
 .bss.uwTick    0x200004b0        0x4 CMakeFiles/F103cb.elf.dir/Drivers/STM32F1xx_HAL_Driver/Src/stm32f1xx_hal.c.obj
                0x200004b0                uwTick
 .bss.__lock___atexit_recursive_mutex
                0x200004b4        0x1 d:/clion_stm32/gcc-arm-none-eabi-10.3-2021.10/bin/../lib/gcc/arm-none-eabi/10.3.1/../../../../arm-none-eabi/lib/thumb/v7-m/nofp\libg.a(lib_a-lock.o)
                0x200004b4                __lock___atexit_recursive_mutex
 *(COMMON)
                0x200004b8                . = ALIGN (0x4)
 *fill*         0x200004b5        0x3 
                0x200004b8                _ebss = .
                0x200004b8                __bss_end__ = _ebss

._user_heap_stack
                0x200004b8      0x600 load address 0x080018cc
                0x200004b8                . = ALIGN (0x8)
                0x200004b8                PROVIDE (end = .)
                [!provide]                PROVIDE (_end = .)
                0x200006b8                . = (. + _Min_Heap_Size)
 *fill*         0x200004b8      0x200 
                0x20000ab8                . = (. + _Min_Stack_Size)
 *fill*         0x200006b8      0x400 
                0x20000ab8                . = ALIGN (0x8)

/DISCARD/
 libc.a(*)
 libm.a(*)
 libgcc.a(*)

.ARM.attributes
                0x00000000       0x29
 *(.ARM.attributes)
 .ARM.attributes
                0x00000000       0x1d d:/clion_stm32/gcc-arm-none-eabi-10.3-2021.10/bin/../lib/gcc/arm-none-eabi/10.3.1/thumb/v7-m/nofp/crti.o
 .ARM.attributes
                0x0000001d       0x2d d:/clion_stm32/gcc-arm-none-eabi-10.3-2021.10/bin/../lib/gcc/arm-none-eabi/10.3.1/thumb/v7-m/nofp/crtbegin.o
 .ARM.attributes
                0x0000004a       0x2d CMakeFiles/F103cb.elf.dir/Core/Src/gpio.c.obj
 .ARM.attributes
                0x00000077       0x2d CMakeFiles/F103cb.elf.dir/Core/Src/main.c.obj
 .ARM.attributes
                0x000000a4       0x2d CMakeFiles/F103cb.elf.dir/Core/Src/stm32f1xx_hal_msp.c.obj
 .ARM.attributes
                0x000000d1       0x2d CMakeFiles/F103cb.elf.dir/Core/Src/stm32f1xx_it.c.obj
 .ARM.attributes
                0x000000fe       0x2d CMakeFiles/F103cb.elf.dir/Core/Src/system_stm32f1xx.c.obj
 .ARM.attributes
                0x0000012b       0x2d CMakeFiles/F103cb.elf.dir/Core/Src/usart.c.obj
 .ARM.attributes
                0x00000158       0x2d CMakeFiles/F103cb.elf.dir/Drivers/STM32F1xx_HAL_Driver/Src/stm32f1xx_hal.c.obj
 .ARM.attributes
                0x00000185       0x2d CMakeFiles/F103cb.elf.dir/Drivers/STM32F1xx_HAL_Driver/Src/stm32f1xx_hal_cortex.c.obj
 .ARM.attributes
                0x000001b2       0x2d CMakeFiles/F103cb.elf.dir/Drivers/STM32F1xx_HAL_Driver/Src/stm32f1xx_hal_gpio.c.obj
 .ARM.attributes
                0x000001df       0x2d CMakeFiles/F103cb.elf.dir/Drivers/STM32F1xx_HAL_Driver/Src/stm32f1xx_hal_rcc.c.obj
 .ARM.attributes
                0x0000020c       0x2d CMakeFiles/F103cb.elf.dir/Drivers/STM32F1xx_HAL_Driver/Src/stm32f1xx_hal_uart.c.obj
 .ARM.attributes
                0x00000239       0x2d CMakeFiles/F103cb.elf.dir/LM3644YFFR/IIC.c.obj
 .ARM.attributes
                0x00000266       0x2d CMakeFiles/F103cb.elf.dir/LM3644YFFR/LM3644YFFR.c.obj
 .ARM.attributes
                0x00000293       0x2d CMakeFiles/F103cb.elf.dir/MYIIC/myiic.c.obj
 .ARM.attributes
                0x000002c0       0x2d CMakeFiles/F103cb.elf.dir/delay/delay.c.obj
 .ARM.attributes
                0x000002ed       0x2d CMakeFiles/F103cb.elf.dir/port/port_dev.c.obj
 .ARM.attributes
                0x0000031a       0x21 CMakeFiles/F103cb.elf.dir/startup/startup_stm32f103xb.s.obj
 .ARM.attributes
                0x0000033b       0x2d d:/clion_stm32/gcc-arm-none-eabi-10.3-2021.10/bin/../lib/gcc/arm-none-eabi/10.3.1/../../../../arm-none-eabi/lib/thumb/v7-m/nofp\libg.a(lib_a-impure.o)
 .ARM.attributes
                0x00000368       0x2d d:/clion_stm32/gcc-arm-none-eabi-10.3-2021.10/bin/../lib/gcc/arm-none-eabi/10.3.1/../../../../arm-none-eabi/lib/thumb/v7-m/nofp\libg.a(lib_a-init.o)
 .ARM.attributes
                0x00000395       0x2d d:/clion_stm32/gcc-arm-none-eabi-10.3-2021.10/bin/../lib/gcc/arm-none-eabi/10.3.1/../../../../arm-none-eabi/lib/thumb/v7-m/nofp\libg.a(lib_a-memset.o)
 .ARM.attributes
                0x000003c2       0x2d d:/clion_stm32/gcc-arm-none-eabi-10.3-2021.10/bin/../lib/gcc/arm-none-eabi/10.3.1/../../../../arm-none-eabi/lib/thumb/v7-m/nofp\libg.a(lib_a-__call_atexit.o)
 .ARM.attributes
                0x000003ef       0x2d d:/clion_stm32/gcc-arm-none-eabi-10.3-2021.10/bin/../lib/gcc/arm-none-eabi/10.3.1/../../../../arm-none-eabi/lib/thumb/v7-m/nofp\libg.a(lib_a-atexit.o)
 .ARM.attributes
                0x0000041c       0x2d d:/clion_stm32/gcc-arm-none-eabi-10.3-2021.10/bin/../lib/gcc/arm-none-eabi/10.3.1/../../../../arm-none-eabi/lib/thumb/v7-m/nofp\libg.a(lib_a-fini.o)
 .ARM.attributes
                0x00000449       0x2d d:/clion_stm32/gcc-arm-none-eabi-10.3-2021.10/bin/../lib/gcc/arm-none-eabi/10.3.1/../../../../arm-none-eabi/lib/thumb/v7-m/nofp\libg.a(lib_a-lock.o)
 .ARM.attributes
                0x00000476       0x2d d:/clion_stm32/gcc-arm-none-eabi-10.3-2021.10/bin/../lib/gcc/arm-none-eabi/10.3.1/../../../../arm-none-eabi/lib/thumb/v7-m/nofp\libg.a(lib_a-__atexit.o)
 .ARM.attributes
                0x000004a3       0x1d d:/clion_stm32/gcc-arm-none-eabi-10.3-2021.10/bin/../lib/gcc/arm-none-eabi/10.3.1/thumb/v7-m/nofp/crtn.o
OUTPUT(F103cb.elf elf32-littlearm)
LOAD linker stubs
LOAD d:/clion_stm32/gcc-arm-none-eabi-10.3-2021.10/bin/../lib/gcc/arm-none-eabi/10.3.1/../../../../arm-none-eabi/lib/thumb/v7-m/nofp\libc.a
LOAD d:/clion_stm32/gcc-arm-none-eabi-10.3-2021.10/bin/../lib/gcc/arm-none-eabi/10.3.1/../../../../arm-none-eabi/lib/thumb/v7-m/nofp\libm.a
LOAD d:/clion_stm32/gcc-arm-none-eabi-10.3-2021.10/bin/../lib/gcc/arm-none-eabi/10.3.1/thumb/v7-m/nofp\libgcc.a

.debug_info     0x00000000     0xa44c
 .debug_info    0x00000000      0x364 CMakeFiles/F103cb.elf.dir/Core/Src/gpio.c.obj
 .debug_info    0x00000364     0x11c5 CMakeFiles/F103cb.elf.dir/Core/Src/main.c.obj
 .debug_info    0x00001529      0x211 CMakeFiles/F103cb.elf.dir/Core/Src/stm32f1xx_hal_msp.c.obj
 .debug_info    0x0000173a      0x130 CMakeFiles/F103cb.elf.dir/Core/Src/stm32f1xx_it.c.obj
 .debug_info    0x0000186a      0x248 CMakeFiles/F103cb.elf.dir/Core/Src/system_stm32f1xx.c.obj
 .debug_info    0x00001ab2      0x855 CMakeFiles/F103cb.elf.dir/Core/Src/usart.c.obj
 .debug_info    0x00002307      0x7a8 CMakeFiles/F103cb.elf.dir/Drivers/STM32F1xx_HAL_Driver/Src/stm32f1xx_hal.c.obj
 .debug_info    0x00002aaf      0xd8a CMakeFiles/F103cb.elf.dir/Drivers/STM32F1xx_HAL_Driver/Src/stm32f1xx_hal_cortex.c.obj
 .debug_info    0x00003839      0x66f CMakeFiles/F103cb.elf.dir/Drivers/STM32F1xx_HAL_Driver/Src/stm32f1xx_hal_gpio.c.obj
 .debug_info    0x00003ea8      0xa3b CMakeFiles/F103cb.elf.dir/Drivers/STM32F1xx_HAL_Driver/Src/stm32f1xx_hal_rcc.c.obj
 .debug_info    0x000048e3     0x4212 CMakeFiles/F103cb.elf.dir/Drivers/STM32F1xx_HAL_Driver/Src/stm32f1xx_hal_uart.c.obj
 .debug_info    0x00008af5      0x426 CMakeFiles/F103cb.elf.dir/LM3644YFFR/IIC.c.obj
 .debug_info    0x00008f1b      0x816 CMakeFiles/F103cb.elf.dir/LM3644YFFR/LM3644YFFR.c.obj
 .debug_info    0x00009731      0x6e4 CMakeFiles/F103cb.elf.dir/MYIIC/myiic.c.obj
 .debug_info    0x00009e15      0x225 CMakeFiles/F103cb.elf.dir/delay/delay.c.obj
 .debug_info    0x0000a03a      0x3f0 CMakeFiles/F103cb.elf.dir/port/port_dev.c.obj
 .debug_info    0x0000a42a       0x22 CMakeFiles/F103cb.elf.dir/startup/startup_stm32f103xb.s.obj

.debug_abbrev   0x00000000     0x1c2a
 .debug_abbrev  0x00000000      0x13c CMakeFiles/F103cb.elf.dir/Core/Src/gpio.c.obj
 .debug_abbrev  0x0000013c      0x2e6 CMakeFiles/F103cb.elf.dir/Core/Src/main.c.obj
 .debug_abbrev  0x00000422       0xe5 CMakeFiles/F103cb.elf.dir/Core/Src/stm32f1xx_hal_msp.c.obj
 .debug_abbrev  0x00000507       0x7e CMakeFiles/F103cb.elf.dir/Core/Src/stm32f1xx_it.c.obj
 .debug_abbrev  0x00000585      0x13e CMakeFiles/F103cb.elf.dir/Core/Src/system_stm32f1xx.c.obj
 .debug_abbrev  0x000006c3      0x1c8 CMakeFiles/F103cb.elf.dir/Core/Src/usart.c.obj
 .debug_abbrev  0x0000088b      0x1f4 CMakeFiles/F103cb.elf.dir/Drivers/STM32F1xx_HAL_Driver/Src/stm32f1xx_hal.c.obj
 .debug_abbrev  0x00000a7f      0x341 CMakeFiles/F103cb.elf.dir/Drivers/STM32F1xx_HAL_Driver/Src/stm32f1xx_hal_cortex.c.obj
 .debug_abbrev  0x00000dc0      0x1e6 CMakeFiles/F103cb.elf.dir/Drivers/STM32F1xx_HAL_Driver/Src/stm32f1xx_hal_gpio.c.obj
 .debug_abbrev  0x00000fa6      0x27a CMakeFiles/F103cb.elf.dir/Drivers/STM32F1xx_HAL_Driver/Src/stm32f1xx_hal_rcc.c.obj
 .debug_abbrev  0x00001220      0x2dd CMakeFiles/F103cb.elf.dir/Drivers/STM32F1xx_HAL_Driver/Src/stm32f1xx_hal_uart.c.obj
 .debug_abbrev  0x000014fd      0x148 CMakeFiles/F103cb.elf.dir/LM3644YFFR/IIC.c.obj
 .debug_abbrev  0x00001645      0x19c CMakeFiles/F103cb.elf.dir/LM3644YFFR/LM3644YFFR.c.obj
 .debug_abbrev  0x000017e1      0x1a1 CMakeFiles/F103cb.elf.dir/MYIIC/myiic.c.obj
 .debug_abbrev  0x00001982      0x114 CMakeFiles/F103cb.elf.dir/delay/delay.c.obj
 .debug_abbrev  0x00001a96      0x182 CMakeFiles/F103cb.elf.dir/port/port_dev.c.obj
 .debug_abbrev  0x00001c18       0x12 CMakeFiles/F103cb.elf.dir/startup/startup_stm32f103xb.s.obj

.debug_aranges  0x00000000      0x768
 .debug_aranges
                0x00000000       0x20 CMakeFiles/F103cb.elf.dir/Core/Src/gpio.c.obj
 .debug_aranges
                0x00000020       0x40 CMakeFiles/F103cb.elf.dir/Core/Src/main.c.obj
 .debug_aranges
                0x00000060       0x20 CMakeFiles/F103cb.elf.dir/Core/Src/stm32f1xx_hal_msp.c.obj
 .debug_aranges
                0x00000080       0x60 CMakeFiles/F103cb.elf.dir/Core/Src/stm32f1xx_it.c.obj
 .debug_aranges
                0x000000e0       0x28 CMakeFiles/F103cb.elf.dir/Core/Src/system_stm32f1xx.c.obj
 .debug_aranges
                0x00000108       0x30 CMakeFiles/F103cb.elf.dir/Core/Src/usart.c.obj
 .debug_aranges
                0x00000138       0xe0 CMakeFiles/F103cb.elf.dir/Drivers/STM32F1xx_HAL_Driver/Src/stm32f1xx_hal.c.obj
 .debug_aranges
                0x00000218       0x90 CMakeFiles/F103cb.elf.dir/Drivers/STM32F1xx_HAL_Driver/Src/stm32f1xx_hal_cortex.c.obj
 .debug_aranges
                0x000002a8       0x58 CMakeFiles/F103cb.elf.dir/Drivers/STM32F1xx_HAL_Driver/Src/stm32f1xx_hal_gpio.c.obj
 .debug_aranges
                0x00000300       0x90 CMakeFiles/F103cb.elf.dir/Drivers/STM32F1xx_HAL_Driver/Src/stm32f1xx_hal_rcc.c.obj
 .debug_aranges
                0x00000390      0x208 CMakeFiles/F103cb.elf.dir/Drivers/STM32F1xx_HAL_Driver/Src/stm32f1xx_hal_uart.c.obj
 .debug_aranges
                0x00000598       0x50 CMakeFiles/F103cb.elf.dir/LM3644YFFR/IIC.c.obj
 .debug_aranges
                0x000005e8       0x78 CMakeFiles/F103cb.elf.dir/LM3644YFFR/LM3644YFFR.c.obj
 .debug_aranges
                0x00000660       0x70 CMakeFiles/F103cb.elf.dir/MYIIC/myiic.c.obj
 .debug_aranges
                0x000006d0       0x38 CMakeFiles/F103cb.elf.dir/delay/delay.c.obj
 .debug_aranges
                0x00000708       0x38 CMakeFiles/F103cb.elf.dir/port/port_dev.c.obj
 .debug_aranges
                0x00000740       0x28 CMakeFiles/F103cb.elf.dir/startup/startup_stm32f103xb.s.obj

.debug_ranges   0x00000000      0x6f8
 .debug_ranges  0x00000000       0x10 CMakeFiles/F103cb.elf.dir/Core/Src/gpio.c.obj
 .debug_ranges  0x00000010       0x30 CMakeFiles/F103cb.elf.dir/Core/Src/main.c.obj
 .debug_ranges  0x00000040       0x10 CMakeFiles/F103cb.elf.dir/Core/Src/stm32f1xx_hal_msp.c.obj
 .debug_ranges  0x00000050       0x50 CMakeFiles/F103cb.elf.dir/Core/Src/stm32f1xx_it.c.obj
 .debug_ranges  0x000000a0       0x18 CMakeFiles/F103cb.elf.dir/Core/Src/system_stm32f1xx.c.obj
 .debug_ranges  0x000000b8       0x20 CMakeFiles/F103cb.elf.dir/Core/Src/usart.c.obj
 .debug_ranges  0x000000d8       0xd0 CMakeFiles/F103cb.elf.dir/Drivers/STM32F1xx_HAL_Driver/Src/stm32f1xx_hal.c.obj
 .debug_ranges  0x000001a8       0xe0 CMakeFiles/F103cb.elf.dir/Drivers/STM32F1xx_HAL_Driver/Src/stm32f1xx_hal_cortex.c.obj
 .debug_ranges  0x00000288       0x48 CMakeFiles/F103cb.elf.dir/Drivers/STM32F1xx_HAL_Driver/Src/stm32f1xx_hal_gpio.c.obj
 .debug_ranges  0x000002d0       0xa0 CMakeFiles/F103cb.elf.dir/Drivers/STM32F1xx_HAL_Driver/Src/stm32f1xx_hal_rcc.c.obj
 .debug_ranges  0x00000370      0x210 CMakeFiles/F103cb.elf.dir/Drivers/STM32F1xx_HAL_Driver/Src/stm32f1xx_hal_uart.c.obj
 .debug_ranges  0x00000580       0x40 CMakeFiles/F103cb.elf.dir/LM3644YFFR/IIC.c.obj
 .debug_ranges  0x000005c0       0x68 CMakeFiles/F103cb.elf.dir/LM3644YFFR/LM3644YFFR.c.obj
 .debug_ranges  0x00000628       0x60 CMakeFiles/F103cb.elf.dir/MYIIC/myiic.c.obj
 .debug_ranges  0x00000688       0x28 CMakeFiles/F103cb.elf.dir/delay/delay.c.obj
 .debug_ranges  0x000006b0       0x28 CMakeFiles/F103cb.elf.dir/port/port_dev.c.obj
 .debug_ranges  0x000006d8       0x20 CMakeFiles/F103cb.elf.dir/startup/startup_stm32f103xb.s.obj

.debug_line     0x00000000     0x85b6
 .debug_line    0x00000000      0x279 CMakeFiles/F103cb.elf.dir/Core/Src/gpio.c.obj
 .debug_line    0x00000279      0x535 CMakeFiles/F103cb.elf.dir/Core/Src/main.c.obj
 .debug_line    0x000007ae      0x19d CMakeFiles/F103cb.elf.dir/Core/Src/stm32f1xx_hal_msp.c.obj
 .debug_line    0x0000094b      0x1bd CMakeFiles/F103cb.elf.dir/Core/Src/stm32f1xx_it.c.obj
 .debug_line    0x00000b08      0x266 CMakeFiles/F103cb.elf.dir/Core/Src/system_stm32f1xx.c.obj
 .debug_line    0x00000d6e      0x359 CMakeFiles/F103cb.elf.dir/Core/Src/usart.c.obj
 .debug_line    0x000010c7      0x594 CMakeFiles/F103cb.elf.dir/Drivers/STM32F1xx_HAL_Driver/Src/stm32f1xx_hal.c.obj
 .debug_line    0x0000165b      0x67c CMakeFiles/F103cb.elf.dir/Drivers/STM32F1xx_HAL_Driver/Src/stm32f1xx_hal_cortex.c.obj
 .debug_line    0x00001cd7      0x624 CMakeFiles/F103cb.elf.dir/Drivers/STM32F1xx_HAL_Driver/Src/stm32f1xx_hal_gpio.c.obj
 .debug_line    0x000022fb      0xc61 CMakeFiles/F103cb.elf.dir/Drivers/STM32F1xx_HAL_Driver/Src/stm32f1xx_hal_rcc.c.obj
 .debug_line    0x00002f5c     0x4409 CMakeFiles/F103cb.elf.dir/Drivers/STM32F1xx_HAL_Driver/Src/stm32f1xx_hal_uart.c.obj
 .debug_line    0x00007365      0x448 CMakeFiles/F103cb.elf.dir/LM3644YFFR/IIC.c.obj
 .debug_line    0x000077ad      0x3db CMakeFiles/F103cb.elf.dir/LM3644YFFR/LM3644YFFR.c.obj
 .debug_line    0x00007b88      0x436 CMakeFiles/F103cb.elf.dir/MYIIC/myiic.c.obj
 .debug_line    0x00007fbe      0x2dd CMakeFiles/F103cb.elf.dir/delay/delay.c.obj
 .debug_line    0x0000829b      0x27c CMakeFiles/F103cb.elf.dir/port/port_dev.c.obj
 .debug_line    0x00008517       0x9f CMakeFiles/F103cb.elf.dir/startup/startup_stm32f103xb.s.obj

.debug_str      0x00000000     0x2608
 .debug_str     0x00000000      0x270 CMakeFiles/F103cb.elf.dir/Core/Src/gpio.c.obj
                                0x2bb (size before relaxing)
 .debug_str     0x00000270      0x9e8 CMakeFiles/F103cb.elf.dir/Core/Src/main.c.obj
                                0xc22 (size before relaxing)
 .debug_str     0x00000c58       0x7a CMakeFiles/F103cb.elf.dir/Core/Src/stm32f1xx_hal_msp.c.obj
                                0x25d (size before relaxing)
 .debug_str     0x00000cd2       0xd7 CMakeFiles/F103cb.elf.dir/Core/Src/stm32f1xx_it.c.obj
                                0x260 (size before relaxing)
 .debug_str     0x00000da9       0x9e CMakeFiles/F103cb.elf.dir/Core/Src/system_stm32f1xx.c.obj
                                0x292 (size before relaxing)
 .debug_str     0x00000e47       0x81 CMakeFiles/F103cb.elf.dir/Core/Src/usart.c.obj
                                0x6fe (size before relaxing)
 .debug_str     0x00000ec8      0x618 CMakeFiles/F103cb.elf.dir/Drivers/STM32F1xx_HAL_Driver/Src/stm32f1xx_hal.c.obj
                                0x862 (size before relaxing)
 .debug_str     0x000014e0      0x3e5 CMakeFiles/F103cb.elf.dir/Drivers/STM32F1xx_HAL_Driver/Src/stm32f1xx_hal_cortex.c.obj
                                0x911 (size before relaxing)
 .debug_str     0x000018c5      0x13a CMakeFiles/F103cb.elf.dir/Drivers/STM32F1xx_HAL_Driver/Src/stm32f1xx_hal_gpio.c.obj
                                0x43e (size before relaxing)
 .debug_str     0x000019ff      0x214 CMakeFiles/F103cb.elf.dir/Drivers/STM32F1xx_HAL_Driver/Src/stm32f1xx_hal_rcc.c.obj
                                0x669 (size before relaxing)
 .debug_str     0x00001c13      0x665 CMakeFiles/F103cb.elf.dir/Drivers/STM32F1xx_HAL_Driver/Src/stm32f1xx_hal_uart.c.obj
                                0xd32 (size before relaxing)
 .debug_str     0x00002278       0xa1 CMakeFiles/F103cb.elf.dir/LM3644YFFR/IIC.c.obj
                                0x24e (size before relaxing)
 .debug_str     0x00002319      0x11b CMakeFiles/F103cb.elf.dir/LM3644YFFR/LM3644YFFR.c.obj
                                0x411 (size before relaxing)
 .debug_str     0x00002434       0xe9 CMakeFiles/F103cb.elf.dir/MYIIC/myiic.c.obj
                                0x37c (size before relaxing)
 .debug_str     0x0000251d       0x69 CMakeFiles/F103cb.elf.dir/delay/delay.c.obj
                                0x23d (size before relaxing)
 .debug_str     0x00002586       0x33 CMakeFiles/F103cb.elf.dir/port/port_dev.c.obj
                                0x310 (size before relaxing)
 .debug_str     0x000025b9       0x4f CMakeFiles/F103cb.elf.dir/startup/startup_stm32f103xb.s.obj
                                 0x84 (size before relaxing)

.comment        0x00000000       0x49
 .comment       0x00000000       0x49 CMakeFiles/F103cb.elf.dir/Core/Src/gpio.c.obj
                                 0x4a (size before relaxing)
 .comment       0x00000049       0x4a CMakeFiles/F103cb.elf.dir/Core/Src/main.c.obj
 .comment       0x00000049       0x4a CMakeFiles/F103cb.elf.dir/Core/Src/stm32f1xx_hal_msp.c.obj
 .comment       0x00000049       0x4a CMakeFiles/F103cb.elf.dir/Core/Src/stm32f1xx_it.c.obj
 .comment       0x00000049       0x4a CMakeFiles/F103cb.elf.dir/Core/Src/system_stm32f1xx.c.obj
 .comment       0x00000049       0x4a CMakeFiles/F103cb.elf.dir/Core/Src/usart.c.obj
 .comment       0x00000049       0x4a CMakeFiles/F103cb.elf.dir/Drivers/STM32F1xx_HAL_Driver/Src/stm32f1xx_hal.c.obj
 .comment       0x00000049       0x4a CMakeFiles/F103cb.elf.dir/Drivers/STM32F1xx_HAL_Driver/Src/stm32f1xx_hal_cortex.c.obj
 .comment       0x00000049       0x4a CMakeFiles/F103cb.elf.dir/Drivers/STM32F1xx_HAL_Driver/Src/stm32f1xx_hal_gpio.c.obj
 .comment       0x00000049       0x4a CMakeFiles/F103cb.elf.dir/Drivers/STM32F1xx_HAL_Driver/Src/stm32f1xx_hal_rcc.c.obj
 .comment       0x00000049       0x4a CMakeFiles/F103cb.elf.dir/Drivers/STM32F1xx_HAL_Driver/Src/stm32f1xx_hal_uart.c.obj
 .comment       0x00000049       0x4a CMakeFiles/F103cb.elf.dir/LM3644YFFR/IIC.c.obj
 .comment       0x00000049       0x4a CMakeFiles/F103cb.elf.dir/LM3644YFFR/LM3644YFFR.c.obj
 .comment       0x00000049       0x4a CMakeFiles/F103cb.elf.dir/MYIIC/myiic.c.obj
 .comment       0x00000049       0x4a CMakeFiles/F103cb.elf.dir/delay/delay.c.obj
 .comment       0x00000049       0x4a CMakeFiles/F103cb.elf.dir/port/port_dev.c.obj

.debug_frame    0x00000000     0x1360
 .debug_frame   0x00000000       0x38 CMakeFiles/F103cb.elf.dir/Core/Src/gpio.c.obj
 .debug_frame   0x00000038       0x90 CMakeFiles/F103cb.elf.dir/Core/Src/main.c.obj
 .debug_frame   0x000000c8       0x28 CMakeFiles/F103cb.elf.dir/Core/Src/stm32f1xx_hal_msp.c.obj
 .debug_frame   0x000000f0       0xa8 CMakeFiles/F103cb.elf.dir/Core/Src/stm32f1xx_it.c.obj
 .debug_frame   0x00000198       0x30 CMakeFiles/F103cb.elf.dir/Core/Src/system_stm32f1xx.c.obj
 .debug_frame   0x000001c8       0x60 CMakeFiles/F103cb.elf.dir/Core/Src/usart.c.obj
 .debug_frame   0x00000228      0x1cc CMakeFiles/F103cb.elf.dir/Drivers/STM32F1xx_HAL_Driver/Src/stm32f1xx_hal.c.obj
 .debug_frame   0x000003f4      0x118 CMakeFiles/F103cb.elf.dir/Drivers/STM32F1xx_HAL_Driver/Src/stm32f1xx_hal_cortex.c.obj
 .debug_frame   0x0000050c       0xe4 CMakeFiles/F103cb.elf.dir/Drivers/STM32F1xx_HAL_Driver/Src/stm32f1xx_hal_gpio.c.obj
 .debug_frame   0x000005f0      0x184 CMakeFiles/F103cb.elf.dir/Drivers/STM32F1xx_HAL_Driver/Src/stm32f1xx_hal_rcc.c.obj
 .debug_frame   0x00000774      0x5d8 CMakeFiles/F103cb.elf.dir/Drivers/STM32F1xx_HAL_Driver/Src/stm32f1xx_hal_uart.c.obj
 .debug_frame   0x00000d4c       0xc8 CMakeFiles/F103cb.elf.dir/LM3644YFFR/IIC.c.obj
 .debug_frame   0x00000e14      0x138 CMakeFiles/F103cb.elf.dir/LM3644YFFR/LM3644YFFR.c.obj
 .debug_frame   0x00000f4c      0x130 CMakeFiles/F103cb.elf.dir/MYIIC/myiic.c.obj
 .debug_frame   0x0000107c       0x78 CMakeFiles/F103cb.elf.dir/delay/delay.c.obj
 .debug_frame   0x000010f4       0x80 CMakeFiles/F103cb.elf.dir/port/port_dev.c.obj
 .debug_frame   0x00001174       0x2c d:/clion_stm32/gcc-arm-none-eabi-10.3-2021.10/bin/../lib/gcc/arm-none-eabi/10.3.1/../../../../arm-none-eabi/lib/thumb/v7-m/nofp\libg.a(lib_a-init.o)
 .debug_frame   0x000011a0       0x2c d:/clion_stm32/gcc-arm-none-eabi-10.3-2021.10/bin/../lib/gcc/arm-none-eabi/10.3.1/../../../../arm-none-eabi/lib/thumb/v7-m/nofp\libg.a(lib_a-memset.o)
 .debug_frame   0x000011cc       0x5c d:/clion_stm32/gcc-arm-none-eabi-10.3-2021.10/bin/../lib/gcc/arm-none-eabi/10.3.1/../../../../arm-none-eabi/lib/thumb/v7-m/nofp\libg.a(lib_a-__call_atexit.o)
 .debug_frame   0x00001228       0x20 d:/clion_stm32/gcc-arm-none-eabi-10.3-2021.10/bin/../lib/gcc/arm-none-eabi/10.3.1/../../../../arm-none-eabi/lib/thumb/v7-m/nofp\libg.a(lib_a-atexit.o)
 .debug_frame   0x00001248       0x34 d:/clion_stm32/gcc-arm-none-eabi-10.3-2021.10/bin/../lib/gcc/arm-none-eabi/10.3.1/../../../../arm-none-eabi/lib/thumb/v7-m/nofp\libg.a(lib_a-fini.o)
 .debug_frame   0x0000127c       0xb0 d:/clion_stm32/gcc-arm-none-eabi-10.3-2021.10/bin/../lib/gcc/arm-none-eabi/10.3.1/../../../../arm-none-eabi/lib/thumb/v7-m/nofp\libg.a(lib_a-lock.o)
 .debug_frame   0x0000132c       0x34 d:/clion_stm32/gcc-arm-none-eabi-10.3-2021.10/bin/../lib/gcc/arm-none-eabi/10.3.1/../../../../arm-none-eabi/lib/thumb/v7-m/nofp\libg.a(lib_a-__atexit.o)

.debug_loc      0x00000000     0x63a0
 .debug_loc     0x00000000       0x48 CMakeFiles/F103cb.elf.dir/Core/Src/main.c.obj
 .debug_loc     0x00000048       0x15 CMakeFiles/F103cb.elf.dir/Core/Src/stm32f1xx_hal_msp.c.obj
 .debug_loc     0x0000005d       0xff CMakeFiles/F103cb.elf.dir/Core/Src/system_stm32f1xx.c.obj
 .debug_loc     0x0000015c       0x84 CMakeFiles/F103cb.elf.dir/Core/Src/usart.c.obj
 .debug_loc     0x000001e0      0x141 CMakeFiles/F103cb.elf.dir/Drivers/STM32F1xx_HAL_Driver/Src/stm32f1xx_hal.c.obj
 .debug_loc     0x00000321      0x71f CMakeFiles/F103cb.elf.dir/Drivers/STM32F1xx_HAL_Driver/Src/stm32f1xx_hal_cortex.c.obj
 .debug_loc     0x00000a40      0x47d CMakeFiles/F103cb.elf.dir/Drivers/STM32F1xx_HAL_Driver/Src/stm32f1xx_hal_gpio.c.obj
 .debug_loc     0x00000ebd      0x618 CMakeFiles/F103cb.elf.dir/Drivers/STM32F1xx_HAL_Driver/Src/stm32f1xx_hal_rcc.c.obj
 .debug_loc     0x000014d5     0x487b CMakeFiles/F103cb.elf.dir/Drivers/STM32F1xx_HAL_Driver/Src/stm32f1xx_hal_uart.c.obj
 .debug_loc     0x00005d50      0x1f8 CMakeFiles/F103cb.elf.dir/LM3644YFFR/IIC.c.obj
 .debug_loc     0x00005f48      0x16c CMakeFiles/F103cb.elf.dir/LM3644YFFR/LM3644YFFR.c.obj
 .debug_loc     0x000060b4      0x14e CMakeFiles/F103cb.elf.dir/MYIIC/myiic.c.obj
 .debug_loc     0x00006202      0x13f CMakeFiles/F103cb.elf.dir/delay/delay.c.obj
 .debug_loc     0x00006341       0x5f CMakeFiles/F103cb.elf.dir/port/port_dev.c.obj
